Using CPython 3.12.12
Creating virtual environment at: .venv
Activate with: source .venv/bin/activate
Resolved 180 packages in 37ms
Installed 180 packages in 181ms
 + absl-py==2.3.1
 + accelerate==1.12.0
 + aiohappyeyeballs==2.6.1
 + aiohttp==3.13.2
 + aiosignal==1.4.0
 + anyio==4.12.0
 + argon2-cffi==25.1.0
 + argon2-cffi-bindings==25.1.0
 + arrow==1.4.0
 + asttokens==3.0.1
 + astunparse==1.6.3
 + async-lru==2.0.5
 + attrs==25.4.0
 + babel==2.17.0
 + beautifulsoup4==4.14.3
 + bleach==6.3.0
 + certifi==2025.11.12
 + cffi==2.0.0
 + charset-normalizer==3.4.4
 + comm==0.2.3
 + contourpy==1.3.3
 + cycler==0.12.1
 + datasets==4.4.1
 + debugpy==1.8.17
 + decorator==5.2.1
 + defusedxml==0.7.1
 + dill==0.4.0
 + executing==2.2.1
 + fastjsonschema==2.21.2
 + filelock==3.20.0
 + flatbuffers==25.9.23
 + fonttools==4.61.0
 + fqdn==1.5.1
 + frozenlist==1.8.0
 + fsspec==2025.10.0
 + gast==0.7.0
 + google-pasta==0.2.0
 + grpcio==1.76.0
 + h11==0.16.0
 + h5py==3.15.1
 + hf-xet==1.2.0
 + httpcore==1.0.9
 + httpx==0.28.1
 + huggingface-hub==0.36.0
 + idna==3.11
 + imbalanced-learn==0.14.0
 + ipykernel==7.1.0
 + ipython==9.7.0
 + ipython-pygments-lexers==1.1.1
 + isoduration==20.11.0
 + jedi==0.19.2
 + jinja2==3.1.6
 + joblib==1.5.2
 + json5==0.12.1
 + jsonpointer==3.0.0
 + jsonschema==4.25.1
 + jsonschema-specifications==2025.9.1
 + jupyter-client==8.6.3
 + jupyter-core==5.9.1
 + jupyter-events==0.12.0
 + jupyter-lsp==2.3.0
 + jupyter-server==2.17.0
 + jupyter-server-terminals==0.5.3
 + jupyterlab==4.5.0
 + jupyterlab-pygments==0.3.0
 + jupyterlab-server==2.28.0
 + keras==3.12.0
 + kiwisolver==1.4.9
 + language-tool-python==3.1.0
 + lark==1.3.1
 + libclang==18.1.1
 + markdown==3.10
 + markdown-it-py==4.0.0
 + markupsafe==3.0.3
 + matplotlib==3.10.7
 + matplotlib-inline==0.2.1
 + mdurl==0.1.2
 + mistune==3.1.4
 + ml-dtypes==0.5.4
 + mpmath==1.3.0
 + multidict==6.7.0
 + multiprocess==0.70.18
 + namex==0.1.0
 + nbclient==0.10.2
 + nbconvert==7.16.6
 + nbformat==5.10.4
 + nest-asyncio==1.6.0
 + networkx==3.6
 + notebook==7.5.0
 + notebook-shim==0.2.4
 + numpy==2.2.6
 + nvidia-cublas-cu12==12.8.4.1
 + nvidia-cuda-cupti-cu12==12.8.90
 + nvidia-cuda-nvrtc-cu12==12.8.93
 + nvidia-cuda-runtime-cu12==12.8.90
 + nvidia-cudnn-cu12==9.10.2.21
 + nvidia-cufft-cu12==11.3.3.83
 + nvidia-cufile-cu12==1.13.1.3
 + nvidia-curand-cu12==10.3.9.90
 + nvidia-cusolver-cu12==11.7.3.90
 + nvidia-cusparse-cu12==12.5.8.93
 + nvidia-cusparselt-cu12==0.7.1
 + nvidia-nccl-cu12==2.27.5
 + nvidia-nvjitlink-cu12==12.8.93
 + nvidia-nvshmem-cu12==3.3.20
 + nvidia-nvtx-cu12==12.8.90
 + opencv-contrib-python==4.12.0.88
 + opencv-python-headless==4.12.0.88
 + opt-einsum==3.4.0
 + optree==0.18.0
 + packaging==25.0
 + pandas==2.3.3
 + pandocfilters==1.5.1
 + parso==0.8.5
 + pexpect==4.9.0
 + pillow==12.0.0
 + platformdirs==4.5.0
 + prometheus-client==0.23.1
 + prompt-toolkit==3.0.52
 + propcache==0.4.1
 + protobuf==6.33.1
 + psutil==7.1.3
 + ptyprocess==0.7.0
 + pure-eval==0.2.3
 + pyarrow==22.0.0
 + pycparser==2.23
 + pygments==2.19.2
 + pyparsing==3.2.5
 + python-dateutil==2.9.0.post0
 + python-json-logger==4.0.0
 + pytz==2025.2
 + pyyaml==6.0.3
 + pyzmq==27.1.0
 + referencing==0.37.0
 + regex==2025.11.3
 + requests==2.32.5
 + rfc3339-validator==0.1.4
 + rfc3986-validator==0.1.1
 + rfc3987-syntax==1.1.0
 + rich==14.2.0
 + rpds-py==0.30.0
 + safetensors==0.7.0
 + scikit-learn==1.7.2
 + scipy==1.16.3
 + send2trash==1.8.3
 + setuptools==80.9.0
 + six==1.17.0
 + soupsieve==2.8
 + stack-data==0.6.3
 + sympy==1.14.0
 + tensorboard==2.20.0
 + tensorboard-data-server==0.7.2
 + tensorflow==2.20.0
 + termcolor==3.2.0
 + terminado==0.18.1
 + threadpoolctl==3.6.0
 + tinycss2==1.4.0
 + tokenizers==0.22.1
 + toml==0.10.2
 + torch==2.9.1
 + torchaudio==2.9.1
 + torchvision==0.24.1
 + tornado==6.5.2
 + tqdm==4.67.1
 + traitlets==5.14.3
 + transformers==4.57.3
 + triton==3.5.1
 + typing-extensions==4.15.0
 + tzdata==2025.2
 + uri-template==1.3.0
 + urllib3==2.5.0
 + wcwidth==0.2.14
 + webcolors==25.10.0
 + webencodings==0.5.1
 + websocket-client==1.9.0
 + werkzeug==3.1.4
 + wheel==0.45.1
 + wrapt==2.0.1
 + xxhash==3.6.0
 + yarl==1.22.0
Resolved 132 packages in 22ms
Installed 10 packages in 4ms
 + ansicolors==1.1.8
 + click==8.3.1
 + entrypoints==0.4
 + ipywidgets==8.1.8
 + jupyter==1.1.1
 + jupyter-console==6.6.3
 + jupyterlab-widgets==3.0.16
 + papermill==2.6.0
 + tenacity==9.1.2
 + widgetsnbextension==4.0.15
Input Notebook:  /home/lcoussy/Yolo_project/test_CNN_pytorch-pretrained_backbone.ipynb
Output Notebook: /home/lcoussy/Yolo_project/test_CNN_pytorch-pretrained_backbone_out-973.ipynb
Executing:   0%|          | 0/29 [00:00<?, ?cell/s]Executing notebook with kernel: yolo_kernel
2025-12-02 21:20:07.097384: I tensorflow/core/util/port.cc:153] oneDNN custom operations are on. You may see slightly different numerical results due to floating-point round-off errors from different computation orders. To turn them off, set the environment variable `TF_ENABLE_ONEDNN_OPTS=0`.
2025-12-02 21:20:07.135562: I tensorflow/core/platform/cpu_feature_guard.cc:210] This TensorFlow binary is optimized to use available CPU instructions in performance-critical operations.
To enable the following instructions: AVX2 AVX512F AVX512_VNNI AVX512_BF16 AVX512_FP16 AVX_VNNI AMX_TILE AMX_INT8 AMX_BF16 FMA, in other operations, rebuild TensorFlow with the appropriate compiler flags.
2025-12-02 21:20:10.194162: I tensorflow/core/util/port.cc:153] oneDNN custom operations are on. You may see slightly different numerical results due to floating-point round-off errors from different computation orders. To turn them off, set the environment variable `TF_ENABLE_ONEDNN_OPTS=0`.
Executing:   3%|▎         | 1/29 [00:09<04:19,  9.27s/cell]Executing:   7%|▋         | 2/29 [00:11<02:23,  5.33s/cell]Executing:  10%|█         | 3/29 [01:09<12:34, 29.00s/cell]Executing:  14%|█▍        | 4/29 [01:09<07:22, 17.68s/cell]Executing:  21%|██        | 6/29 [01:10<03:19,  8.67s/cell]Executing:  38%|███▊      | 11/29 [01:10<00:54,  3.02s/cell]Executing:  48%|████▊     | 14/29 [01:30<00:45,  3.02s/cell]Executing:  52%|█████▏    | 15/29 [2:41:06<3:59:54, 1028.15s/cell]Executing:  55%|█████▌    | 16/29 [2:42:36<3:15:48, 903.72s/cell] Executing:  59%|█████▊    | 17/29 [2:42:39<2:32:04, 760.34s/cell]Executing:  62%|██████▏   | 18/29 [2:42:42<1:53:40, 620.03s/cell]Executing:  66%|██████▌   | 19/29 [2:42:50<1:21:58, 491.87s/cell]Executing:  69%|██████▉   | 20/29 [2:42:53<56:54, 379.36s/cell]  [ WARN:0@9774.050] global cap_ffmpeg.cpp:198 write FFmpeg: Failed to write frame
Executing:  72%|███████▏  | 21/29 [2:42:57<38:13, 286.63s/cell]Executing:  72%|███████▏  | 21/29 [2:43:00<1:02:06, 465.76s/cell]
Traceback (most recent call last):
  File "/home/lcoussy/slurm/yolo-project/train/.venv/bin/papermill", line 10, in <module>
    sys.exit(papermill())
             ^^^^^^^^^^^
  File "/home/lcoussy/slurm/yolo-project/train/.venv/lib/python3.12/site-packages/click/core.py", line 1485, in __call__
    return self.main(*args, **kwargs)
           ^^^^^^^^^^^^^^^^^^^^^^^^^^
  File "/home/lcoussy/slurm/yolo-project/train/.venv/lib/python3.12/site-packages/click/core.py", line 1406, in main
    rv = self.invoke(ctx)
         ^^^^^^^^^^^^^^^^
  File "/home/lcoussy/slurm/yolo-project/train/.venv/lib/python3.12/site-packages/click/core.py", line 1269, in invoke
    return ctx.invoke(self.callback, **ctx.params)
           ^^^^^^^^^^^^^^^^^^^^^^^^^^^^^^^^^^^^^^^
  File "/home/lcoussy/slurm/yolo-project/train/.venv/lib/python3.12/site-packages/click/core.py", line 824, in invoke
    return callback(*args, **kwargs)
           ^^^^^^^^^^^^^^^^^^^^^^^^^
  File "/home/lcoussy/slurm/yolo-project/train/.venv/lib/python3.12/site-packages/click/decorators.py", line 34, in new_func
    return f(get_current_context(), *args, **kwargs)
           ^^^^^^^^^^^^^^^^^^^^^^^^^^^^^^^^^^^^^^^^^
  File "/home/lcoussy/slurm/yolo-project/train/.venv/lib/python3.12/site-packages/papermill/cli.py", line 235, in papermill
    execute_notebook(
  File "/home/lcoussy/slurm/yolo-project/train/.venv/lib/python3.12/site-packages/papermill/execute.py", line 131, in execute_notebook
    raise_for_execution_errors(nb, output_path)
  File "/home/lcoussy/slurm/yolo-project/train/.venv/lib/python3.12/site-packages/papermill/execute.py", line 251, in raise_for_execution_errors
    raise error
papermill.exceptions.PapermillExecutionError: 
---------------------------------------------------------------------------
Exception encountered at "In [19]":
---------------------------------------------------------------------------
error                                     Traceback (most recent call last)
Cell In[19], line 25
     23 # Write to video and display in real-time
     24 out.write(frame_out)
---> 25 cv2.imshow("YOLO Detection", frame_out)
     27 if cv2.waitKey(1) & 0xFF == ord("q"):
     28     break

error: OpenCV(4.12.0) /io/opencv/modules/highgui/src/window.cpp:1301: error: (-2:Unspecified error) The function is not implemented. Rebuild the library with Windows, GTK+ 2.x or Cocoa support. If you are on Ubuntu or Debian, install libgtk2.0-dev and pkg-config, then re-run cmake or configure script in function 'cvShowImage'


